12:41:49 **** Incremental Build of configuration Debug for project helloworldApp ****
make pre-build main-build 
a9-linaro-pre-build-step
 
Building file: ../src/helloworld.c
Invoking: ARM v7 gcc compiler
arm-none-eabi-gcc -Wall -O0 -g3 -c -fmessage-length=0 -MT"src/helloworld.o" -mcpu=cortex-a9 -mfpu=vfpv3 -mfloat-abi=hard -I../../helloworld/ps7_cortexa9_0/include -MMD -MP -MF"src/helloworld.d" -MT"src/helloworld.o" -o "src/helloworld.o" "../src/helloworld.c"
Finished building: ../src/helloworld.c
 
Building target: helloworldApp.elf
Invoking: ARM v7 gcc linker
arm-none-eabi-gcc -mcpu=cortex-a9 -mfpu=vfpv3 -mfloat-abi=hard -Wl,-build-id=none -specs=Xilinx.spec -Wl,-T -Wl,../src/lscript.ld -L../../helloworld/ps7_cortexa9_0/lib -o "helloworldApp.elf"  ./src/helloworld.o ./src/platform.o   -Wl,--start-group,-lxil,-lgcc,-lc,--end-group
Finished building target: helloworldApp.elf
 
Invoking: ARM v7 Print Size
arm-none-eabi-size helloworldApp.elf  |tee "helloworldApp.elf.size"
   text	   data	    bss	    dec	    hex	filename
  24876	   1148	  22568	  48592	   bdd0	helloworldApp.elf
Finished building: helloworldApp.elf.size
 

12:41:51 Build Finished (took 2s.222ms)

